// Jest Snapshot v1, https://goo.gl/fbAQLP

exports[`Single record view test should match snapshot 1`] = `
<section
  className="records"
  id="records"
>
  
  
</section>
`;
